
=== stage: posture ===
[posture] exit=0 stdout=321B stderr=639B
--- posture stdout (first 200 lines) ---
[describe] synthetic-allowlist host-alias=a1cd8463c25a db-alias=693fe5919fc2
WRITER_POSTURE user=app_user_writer super=false bypassrls=false db=693fe5919fc2
ADMIN_POSTURE  user=neondb_owner super=false bypassrls=true db=693fe5919fc2
POSTURE_OK writer_is_writer admin_is_admin same_db=693fe5919fc2 host_alias=a1cd8463c25a

--- posture stderr (first 100 lines) ---
(node:19620) Warning: SECURITY WARNING: The SSL modes 'prefer', 'require', and 'verify-ca' are treated as aliases for 'verify-full'.
In the next major version (pg-connection-string v3.0.0 and pg v9.0.0), these modes will adopt standard libpq semantics, which have weaker security guarantees.

To prepare for this change:
- If you want the current behavior, explicitly use 'sslmode=verify-full'
- If you want libpq compatibility now, use 'uselibpqcompat=true&sslmode=require'

See https://www.postgresql.org/docs/current/libpq-ssl.html for libpq SSL mode definitions.
(Use `node --trace-warnings ...` to show where the warning was created)


=== stage: fixture ===
[fixture] exit=0 stdout=809B stderr=638B
--- fixture stdout (first 200 lines) ---
[describe] synthetic-allowlist host-alias=a1cd8463c25a db-alias=693fe5919fc2
{
  "runId": "9f1ed201-0a70-4a6d-a165-38db5aa7df4c",
  "runToken": "9f1ed201",
  "hostAlias": "a1cd8463c25a",
  "dbAlias": "693fe5919fc2",
  "adminUserId": "rt-e2e-9f1ed201-admin",
  "managerUserId": "rt-e2e-9f1ed201-manager",
  "staffUserId": "rt-e2e-9f1ed201-hrstaff",
  "companyIds": [
    "8068b1d2-376d-4a9e-bb5d-62c43a75cfad"
  ],
  "projectIds": [
    "b053e1ef-b321-4b02-bf7e-ba0424f8cc00"
  ],
  "orderIds": [
    "43597814-3cd6-4e29-b470-cdddf793e64b"
  ],
  "slotIds": [
    "c3d993b6-1e12-4475-9135-94612759e73e"
  ],
  "adminPhoneAlias": "0993****21",
  "managerPhoneAlias": "0993****26",
  "staffPhoneAlias": "0993****18",
  "fixtureFile": "docs/tasks/.tmp/runtime-fixture-9f1ed201-0a70-4a6d-a165-38db5aa7df4c.json"
}

--- fixture stderr (first 100 lines) ---
(node:2560) Warning: SECURITY WARNING: The SSL modes 'prefer', 'require', and 'verify-ca' are treated as aliases for 'verify-full'.
In the next major version (pg-connection-string v3.0.0 and pg v9.0.0), these modes will adopt standard libpq semantics, which have weaker security guarantees.

To prepare for this change:
- If you want the current behavior, explicitly use 'sslmode=verify-full'
- If you want libpq compatibility now, use 'uselibpqcompat=true&sslmode=require'

See https://www.postgresql.org/docs/current/libpq-ssl.html for libpq SSL mode definitions.
(Use `node --trace-warnings ...` to show where the warning was created)

fixturePath=docs/tasks/.tmp/runtime-fixture-9f1ed201-0a70-4a6d-a165-38db5aa7df4c.json

=== stage: e2e ===
[e2e] exit=0 stdout=1486B stderr=831B
--- e2e stdout (first 200 lines) ---
[describe] synthetic-allowlist host-alias=a1cd8463c25a db-alias=693fe5919fc2
[boot] start next on port=13646 runId=9f1ed201-0a70-4a6d-a165-38db5aa7df4c
[step-01] PASS userId=rt-e2e-9f1ed…
[step-02] PASS openingId=5d941963… postingId=24b28e51… revision=1
[step-03] PASS serviceModel=STAFFING_SUPPLY
[step-04] PASS open POST status=200
[step-05] PASS revision→2 title=Runtime E2E 9f1ed201
[step-06] PASS slug=electrician-0-28738578 status=PUBLISHED
[step-07] INFRASTRUCTURE_DEFECT status=500
[step-08] PASS trackingCode=APP-D1NJ-88JN-3R4A-TW46-NAFH-XJG6 applyPhone=09d2…
[step-09] PASS submissionId=57474acf… slotId=c3d993b6…
[step-10] PASS userId=rt-e2e-9f1ed…
[step-11] PASS items=0
[step-12] PASS handlingAssignmentId=137e4bbf…
[step-13] EXPECTED_FAIL status=404 code=NO_ACTIVE_ASSIGNMENT
[step-13] PASS placementId=34a96ef7… status=SELECTED
[step-14] PASS status=200 body.status=CONFIRMED
[step-15] PASS status=400 body={"error":"PLACEMENT_VALIDATION_ERROR","message":"HRP-managed Placement KHÔNG thể chuyển EFFECTIVE trong N3 — atomic workforce bridge thuộc N4","details":{"placementId":"34a96ef7-ab31-4bdc-bf1d-2541f09
[step-16] PASS status=200 body.status=CANCELLED
[step-17] INFRASTRUCTURE_DEFECT status=500
[step-18] PASS items=1
[step-19] PASS residue={"users":"3","orders":"1","slots":"1","openings":"1","postings":"1","submissions":"1","placements":"1","handlingassignments":"1"}
[step-20] PASS trackingCode=APP-D1NJ-88JN-3R4A-TW46-NAFH-XJG6 placementId=34a96ef7…
[p1-e2e] OK

--- e2e stderr (first 100 lines) ---
(node:10856) [DEP0190] DeprecationWarning: Passing args to a child process with shell option true can lead to security vulnerabilities, as the arguments are not escaped, only concatenated.
(Use `node --trace-deprecation ...` to show where the warning was created)
(node:10856) Warning: SECURITY WARNING: The SSL modes 'prefer', 'require', and 'verify-ca' are treated as aliases for 'verify-full'.
In the next major version (pg-connection-string v3.0.0 and pg v9.0.0), these modes will adopt standard libpq semantics, which have weaker security guarantees.

To prepare for this change:
- If you want the current behavior, explicitly use 'sslmode=verify-full'
- If you want libpq compatibility now, use 'uselibpqcompat=true&sslmode=require'

See https://www.postgresql.org/docs/current/libpq-ssl.html for libpq SSL mode definitions.


=== stage: teardown ===
[teardown] exit=0 stdout=221B stderr=639B
--- teardown stdout (first 200 lines) ---
[describe] synthetic-allowlist host-alias=a1cd8463c25a db-alias=693fe5919fc2
[exact-id-teardown] OK runId=9f1ed201-0a70-4a6d-a165-38db5aa7df4c residue={"users":"0","orders":"0","slots":"0","projects":"0","companies":"0"}

--- teardown stderr (first 100 lines) ---
(node:30592) Warning: SECURITY WARNING: The SSL modes 'prefer', 'require', and 'verify-ca' are treated as aliases for 'verify-full'.
In the next major version (pg-connection-string v3.0.0 and pg v9.0.0), these modes will adopt standard libpq semantics, which have weaker security guarantees.

To prepare for this change:
- If you want the current behavior, explicitly use 'sslmode=verify-full'
- If you want libpq compatibility now, use 'uselibpqcompat=true&sslmode=require'

See https://www.postgresql.org/docs/current/libpq-ssl.html for libpq SSL mode definitions.
(Use `node --trace-warnings ...` to show where the warning was created)

RUN OK
