
=== stage: posture ===
[posture] exit=0 stdout=321B stderr=639B
--- posture stdout (first 200 lines) ---
[describe] synthetic-allowlist host-alias=a1cd8463c25a db-alias=693fe5919fc2
WRITER_POSTURE user=app_user_writer super=false bypassrls=false db=693fe5919fc2
ADMIN_POSTURE  user=neondb_owner super=false bypassrls=true db=693fe5919fc2
POSTURE_OK writer_is_writer admin_is_admin same_db=693fe5919fc2 host_alias=a1cd8463c25a

--- posture stderr (first 100 lines) ---
(node:14232) Warning: SECURITY WARNING: The SSL modes 'prefer', 'require', and 'verify-ca' are treated as aliases for 'verify-full'.
In the next major version (pg-connection-string v3.0.0 and pg v9.0.0), these modes will adopt standard libpq semantics, which have weaker security guarantees.

To prepare for this change:
- If you want the current behavior, explicitly use 'sslmode=verify-full'
- If you want libpq compatibility now, use 'uselibpqcompat=true&sslmode=require'

See https://www.postgresql.org/docs/current/libpq-ssl.html for libpq SSL mode definitions.
(Use `node --trace-warnings ...` to show where the warning was created)


=== stage: fixture ===
[fixture] exit=0 stdout=809B stderr=639B
--- fixture stdout (first 200 lines) ---
[describe] synthetic-allowlist host-alias=a1cd8463c25a db-alias=693fe5919fc2
{
  "runId": "bf1b382b-c901-4197-b681-4e3b872fb22c",
  "runToken": "bf1b382b",
  "hostAlias": "a1cd8463c25a",
  "dbAlias": "693fe5919fc2",
  "adminUserId": "rt-e2e-bf1b382b-admin",
  "managerUserId": "rt-e2e-bf1b382b-manager",
  "staffUserId": "rt-e2e-bf1b382b-hrstaff",
  "companyIds": [
    "361d300f-7e87-4dc9-a27b-448c48a483eb"
  ],
  "projectIds": [
    "972a651f-1e4d-4e6d-84c9-0636e26e7099"
  ],
  "orderIds": [
    "a8358fbe-421d-4017-a692-1ddad6f637c9"
  ],
  "slotIds": [
    "1ba62ce9-9e00-4384-aaa5-dca42f26ec0e"
  ],
  "adminPhoneAlias": "0953****21",
  "managerPhoneAlias": "0953****26",
  "staffPhoneAlias": "0953****18",
  "fixtureFile": "docs/tasks/.tmp/runtime-fixture-bf1b382b-c901-4197-b681-4e3b872fb22c.json"
}

--- fixture stderr (first 100 lines) ---
(node:12468) Warning: SECURITY WARNING: The SSL modes 'prefer', 'require', and 'verify-ca' are treated as aliases for 'verify-full'.
In the next major version (pg-connection-string v3.0.0 and pg v9.0.0), these modes will adopt standard libpq semantics, which have weaker security guarantees.

To prepare for this change:
- If you want the current behavior, explicitly use 'sslmode=verify-full'
- If you want libpq compatibility now, use 'uselibpqcompat=true&sslmode=require'

See https://www.postgresql.org/docs/current/libpq-ssl.html for libpq SSL mode definitions.
(Use `node --trace-warnings ...` to show where the warning was created)

fixturePath=docs/tasks/.tmp/runtime-fixture-bf1b382b-c901-4197-b681-4e3b872fb22c.json

=== stage: e2e ===
[e2e] exit=0 stdout=1486B stderr=831B
--- e2e stdout (first 200 lines) ---
[describe] synthetic-allowlist host-alias=a1cd8463c25a db-alias=693fe5919fc2
[boot] start next on port=13561 runId=bf1b382b-c901-4197-b681-4e3b872fb22c
[step-01] PASS userId=rt-e2e-bf1b3…
[step-02] PASS openingId=18f227e7… postingId=6b09a526… revision=1
[step-03] PASS serviceModel=STAFFING_SUPPLY
[step-04] PASS open POST status=200
[step-05] PASS revision→2 title=Runtime E2E bf1b382b
[step-06] PASS slug=electrician-0-b2aca6b8 status=PUBLISHED
[step-07] INFRASTRUCTURE_DEFECT status=500
[step-08] PASS trackingCode=APP-DFYP-P6XC-25CP-9S7Z-XKKV-YKDJ applyPhone=0938…
[step-09] PASS submissionId=94936a1f… slotId=1ba62ce9…
[step-10] PASS userId=rt-e2e-bf1b3…
[step-11] PASS items=0
[step-12] PASS handlingAssignmentId=b8cff5ce…
[step-13] EXPECTED_FAIL status=404 code=NO_ACTIVE_ASSIGNMENT
[step-13] PASS placementId=698fa59c… status=SELECTED
[step-14] PASS status=200 body.status=CONFIRMED
[step-15] PASS status=400 body={"error":"PLACEMENT_VALIDATION_ERROR","message":"HRP-managed Placement KHÔNG thể chuyển EFFECTIVE trong N3 — atomic workforce bridge thuộc N4","details":{"placementId":"698fa59c-199c-4f70-8845-1ec9096
[step-16] PASS status=200 body.status=CANCELLED
[step-17] INFRASTRUCTURE_DEFECT status=500
[step-18] PASS items=1
[step-19] PASS residue={"users":"3","orders":"1","slots":"1","openings":"1","postings":"1","submissions":"1","placements":"1","handlingassignments":"1"}
[step-20] PASS trackingCode=APP-DFYP-P6XC-25CP-9S7Z-XKKV-YKDJ placementId=698fa59c…
[p1-e2e] OK

--- e2e stderr (first 100 lines) ---
(node:35812) [DEP0190] DeprecationWarning: Passing args to a child process with shell option true can lead to security vulnerabilities, as the arguments are not escaped, only concatenated.
(Use `node --trace-deprecation ...` to show where the warning was created)
(node:35812) Warning: SECURITY WARNING: The SSL modes 'prefer', 'require', and 'verify-ca' are treated as aliases for 'verify-full'.
In the next major version (pg-connection-string v3.0.0 and pg v9.0.0), these modes will adopt standard libpq semantics, which have weaker security guarantees.

To prepare for this change:
- If you want the current behavior, explicitly use 'sslmode=verify-full'
- If you want libpq compatibility now, use 'uselibpqcompat=true&sslmode=require'

See https://www.postgresql.org/docs/current/libpq-ssl.html for libpq SSL mode definitions.


=== stage: teardown ===
[teardown] exit=0 stdout=221B stderr=638B
--- teardown stdout (first 200 lines) ---
[describe] synthetic-allowlist host-alias=a1cd8463c25a db-alias=693fe5919fc2
[exact-id-teardown] OK runId=bf1b382b-c901-4197-b681-4e3b872fb22c residue={"users":"0","orders":"0","slots":"0","projects":"0","companies":"0"}

--- teardown stderr (first 100 lines) ---
(node:2376) Warning: SECURITY WARNING: The SSL modes 'prefer', 'require', and 'verify-ca' are treated as aliases for 'verify-full'.
In the next major version (pg-connection-string v3.0.0 and pg v9.0.0), these modes will adopt standard libpq semantics, which have weaker security guarantees.

To prepare for this change:
- If you want the current behavior, explicitly use 'sslmode=verify-full'
- If you want libpq compatibility now, use 'uselibpqcompat=true&sslmode=require'

See https://www.postgresql.org/docs/current/libpq-ssl.html for libpq SSL mode definitions.
(Use `node --trace-warnings ...` to show where the warning was created)

RUN OK
