[describe] synthetic-allowlist host-alias=a1cd8463c25a db-alias=693fe5919fc2
[boot] start next on port=13646 runId=9f1ed201-0a70-4a6d-a165-38db5aa7df4c
[step-01] PASS userId=rt-e2e-9f1ed…
[step-02] PASS openingId=5d941963… postingId=24b28e51… revision=1
[step-03] PASS serviceModel=STAFFING_SUPPLY
[step-04] PASS open POST status=200
[step-05] PASS revision→2 title=Runtime E2E 9f1ed201
[step-06] PASS slug=electrician-0-28738578 status=PUBLISHED
[step-07] INFRASTRUCTURE_DEFECT status=500
[step-08] PASS trackingCode=APP-D1NJ-88JN-3R4A-TW46-NAFH-XJG6 applyPhone=09d2…
[step-09] PASS submissionId=57474acf… slotId=c3d993b6…
[step-10] PASS userId=rt-e2e-9f1ed…
[step-11] PASS items=0
[step-12] PASS handlingAssignmentId=137e4bbf…
[step-13] EXPECTED_FAIL status=404 code=NO_ACTIVE_ASSIGNMENT
[step-13] PASS placementId=34a96ef7… status=SELECTED
[step-14] PASS status=200 body.status=CONFIRMED
[step-15] PASS status=400 body={"error":"PLACEMENT_VALIDATION_ERROR","message":"HRP-managed Placement KHÔNG thể chuyển EFFECTIVE trong N3 — atomic workforce bridge thuộc N4","details":{"placementId":"34a96ef7-ab31-4bdc-bf1d-2541f09
[step-16] PASS status=200 body.status=CANCELLED
[step-17] INFRASTRUCTURE_DEFECT status=500
[step-18] PASS items=1
[step-19] PASS residue={"users":"3","orders":"1","slots":"1","openings":"1","postings":"1","submissions":"1","placements":"1","handlingassignments":"1"}
[step-20] PASS trackingCode=APP-D1NJ-88JN-3R4A-TW46-NAFH-XJG6 placementId=34a96ef7…
[p1-e2e] OK
